(ti-menu-load-string "file set-batch-options n n n")
(define nStart 1)
(define nStep 1)
(define nStop 700)
(do ((n nStart (+ n nStep))) ((> n nStop))
 (begin
  (ti-menu-load-string (format #f "file read-case-data \"case_timestep~d.cas\" " n))
  (ti-menu-load-string "display set picture color-mode color")
  (ti-menu-load-string "display set picture driver jpeg")
  (ti-menu-load-string "display set windows text application n")
  (ti-menu-load-string "display set windows text date n")
  (ti-menu-load-string "display set windows text company n")
  (ti-menu-load-string "display set contours filled-contours y")
  (ti-menu-load-string "display contour pressure -0.35 0.275")
  (ti-menu-load-string "display view camera zoom-camera 1")
  (ti-menu-load-string "display view camera dolly-camera 0 0 0")
  (ti-menu-load-string (format #f "display save-picture \"case_timestep~d-pressure.jpg\" " n))
  (ti-menu-load-string "display contour velocity 0 2")
  (ti-menu-load-string (format #f "display save-picture \"case_timestep~d-velocity.jpg\" " n))
  (ti-menu-load-string "display vector velocity velocity-magnitude 0 2 0.3 0")
  (ti-menu-load-string (format #f "display save-picture \"case_timestep~d-vector_velocity.jpg\" " n))
 )
)
(ti-menu-load-string "exit y")
