file set-batch-options n y n
(enable-dynamic-mesh-node-ids #t)
file startt "transcript_setup.txt"
file read-case mesh_breaking_dam.msh
grid check
grid modify-zones zone-name default-interior fluid-interior

define materials copy fluid water-liquid
define materials change-create water-liquid water y constant 1000 n n y constant 0.001 n n n y

define models multiphase model vof
define models multiphase number-of-phases 2
define models multiphase volume-fraction-parameters explicit 0.25 1e-6
define models multiphase body-force-formulation y
define models multiphase expert-options 1 no
;1 flux based, 3 hybrid
define models solver pressure-based y
define models unsteady-1st-order
define models viscous laminar y
define phases phase-domain phase-2 liquid y water
define phases phase-domain phase-1 air y air

define boundary-conditions pressure-outlet boxtopleft mixture n 0 n y y
define boundary-conditions pressure-outlet boxtopright mixture n 0 n y y
define boundary-conditions pressure-outlet boxleft mixture n 0 n y y
(for-each
 (lambda (zone) (ti-menu-load-string (format #f "define boundary-conditions wall ~a mixture y motion-bc-stationary y shear-bc-noslip" zone)))
 '(beamleft beambottom beamright)
)
define operating-conditions gravity y 0 -9.81
define operating-conditions reference-pressure-location 0.05 0.147
;-0.29 0.05
define operating-conditions operating-pressure 101325
define operating-conditions operating-density y 1.225

define dynamic-mesh dynamic-mesh y n n y n
define dynamic-mesh controls smoothing y
define dynamic-mesh controls smoothing-parameters smoothing-method spring
define dynamic-mesh controls smoothing-parameters constant-factor 1
define dynamic-mesh controls smoothing-parameters bnd-node-relaxation 1
define dynamic-mesh controls smoothing-parameters bnd-stiffness-factor 1
define dynamic-mesh controls smoothing-parameters skew-smooth-niter 10
define dynamic-mesh controls smoothing-parameters skew-smooth-cell-skew-max 0.7
define dynamic-mesh controls smoothing-parameters max-iter 20
define dynamic-mesh controls smoothing-parameters spring-on-all-elements y
define dynamic-mesh controls layering n
define dynamic-mesh controls remeshing y
define dynamic-mesh controls remeshing-parameters remeshing-methods y y y n
define dynamic-mesh controls remeshing-parameters cell-skew-max 0.5
define dynamic-mesh controls remeshing-parameters face-skew-max 0.7
define dynamic-mesh controls remeshing-parameters length-min 0.0006
;0.0006
define dynamic-mesh controls remeshing-parameters length-max 0.0100
;0.0100
define dynamic-mesh controls remeshing-parameters size-remesh-interval 1
define dynamic-mesh controls remeshing-parameters sizing-function y
define dynamic-mesh controls remeshing-parameters sizing-funct-defaults

(for-each
 (lambda (zone) (ti-menu-load-string (format #f "define dynamic-mesh zones create ~a deforming y all y 0.0006 0.0100 0.5" zone)))
 '(fluid)
)
;0.0006 0.0100

mesh adapt cell-registers add initial_liquid_column type hexahedron min-point -0.005 0 max-point 0.100 0.140 q q
;min -S 0  max A H

solve monitors residual check-convergence y y y
solve monitors residual convergence-criteria 1.0E-6 1.0E-6 1.0E-6
solve monitors force monitor-unsteady-iters y
solve set discretization-scheme mom 0
solve set discretization-scheme pressure 14
solve set discretization-scheme mp 16
solve set p-v-coupling 22
solve set gradient-scheme n y
solve set vof-numerics n y y y n
solve set vof-explicit-controls 1 1
;1 flux based, 3 hybrid (first entry)
solve set reporting-interval 10
solve set flow-warnings n

solve initialize initialize-flow
solve patch liquid () initial_liquid_column () mp 1

file write-case-data case_breaking_dam.cas
exit
