/TUREK 2D
    /PARAMETERS
$beamtopoutsideintervals = 60
/60 120 240
$beamrightoutsideintervals = 3
/3 6 12
$circleintervals = 50
/50 100 200
$growth = 1.0288
/1.0288 1.0192 1.0144
$sizelimit = 0.04
/0.04 0.02 0.01
    /CODE
save name "mesh_turek.dbs"
solver select "FLUENT 5/6"
vertex create "BoxLeftTop" coordinates 0 0.41 0
vertex create "BoxLeftBottom" coordinates 0 0 0
vertex create "BoxRightTop" coordinates 2.5 0.41 0
vertex create "BoxRightBottom" coordinates 2.5 0 0
vertex create "CircleCenter" coordinates 0.2 0.2 0
vertex create "CircleLeft" coordinates 0.15 0.2 0
vertex create "CircleTop" coordinates 0.2 0.25 0
vertex create "BeamRightBottom" coordinates 0.6 0.19 0
vertex create "BeamRightTop" coordinates 0.6 0.21 0
vertex create "BeamLeftTop" coordinates 0.2 0.21 0
vertex create "BeamLeftBottom" coordinates 0.2 0.19 0
edge create "BoxTop" straight "BoxLeftTop" "BoxRightTop"
edge create "BoxBottom" straight "BoxLeftBottom" "BoxRightBottom"
edge create "BoxLeft" straight "BoxLeftTop" "BoxLeftBottom"
edge create "BoxRight" straight "BoxRightTop" "BoxRightBottom"
edge create "BeamTop" straight "BeamLeftTop" "BeamRightTop"
edge create "BeamBottom" straight "BeamLeftBottom" "BeamRightBottom"
edge create "BeamRight" straight "BeamRightTop" "BeamRightBottom"
edge create "Circle" center2points "CircleCenter" "CircleLeft" "CircleTop" circle
edge split "BeamTop" tolerance 1e-06 edge "Circle" bientity connected
edge delete "BeamTop"
edge modify "Circle" label "CircleTop"
edge modify "edge.9" label "BeamTop"
edge modify "edge.10" label "CircleBottom"
edge split "BeamBottom" tolerance 1e-06 edge "CircleBottom" bientity connected
edge delete "BeamBottom" "CircleBottom"
edge modify "edge.11" label "BeamBottom"
edge modify "edge.12" label "CircleBottom"
edge merge "CircleBottom" "CircleTop" forced
edge modify "CircleBottom" label "CircleOutside"
edge modify "BeamTop" label "BeamTopOutside"
edge modify "BeamRight" label "BeamRightOutside"
edge modify "BeamBottom" label "BeamBottomOutside"
face create "FluidInternal" wireframe "BoxTop" "BoxRight" "BoxBottom" "BoxLeft"
face create "ToSubtract" wireframe "BeamTopOutside" "BeamRightOutside" "BeamBottomOutside" "CircleOutside"
face subtract "FluidInternal" faces "ToSubtract"
edge modify "edge.13" label "BeamBottomOutside"
edge modify "edge.14" label "CircleOutside"
edge modify "edge.15" label "BeamRightOutside"
edge modify "edge.16" label "BeamTopOutside"
edge link "BeamTopOutside" "BeamBottomOutside" directions 1 0
edge link "BoxTop" "BoxBottom" directions 0 0
edge mesh "BeamTopOutside" intervals $beamtopoutsideintervals
edge mesh "BeamRightOutside" intervals $beamrightoutsideintervals
edge mesh "CircleOutside" intervals $circleintervals
sfunction create "SizeFunction1" sourceedges "BeamTopOutside" "BeamRightOutside" "BeamBottomOutside" "CircleOutside" growthrate $growth sizelimit $sizelimit attachfaces "FluidInternal" meshed
sfunction bgrid attachfaces "FluidInternal"
face mesh "FluidInternal" triangle
physics create "In" btype "VELOCITY_INLET" edge "BoxLeft"
physics create "Out" btype "PRESSURE_OUTLET" edge "BoxRight"
physics create "Box" btype "WALL" edge "BoxTop" "BoxBottom"
physics create "BeamTopOutside" btype "WALL" edge "BeamTopOutside"
physics create "BeamRightOutside" btype "WALL" edge "BeamRightOutside"
physics create "BeamBottomOutside" btype "WALL" edge "BeamBottomOutside"
physics create "CircleOutside" btype "WALL" edge "CircleOutside"
physics create "Fluid" ctype "FLUID" face "FluidInternal"
export fluent5 "mesh_turek.msh" nozval
save
end
