file set-batch-options n n n
file read-case-data "case_restart.cas.h5"

file interpolate zone-selection fluid.com fluid.bg ()
file interpolate write-data sol_dat.ip y y

define dynamic-mesh zones delete outer
define dynamic-mesh zones delete fluid.com
mesh modify-zones replace-zone "remesh/remesh.msh" fluid.com fluid.com y

define dynamic-mesh zones create fluid.com deforming y n y
define dynamic-mesh zones create outer deforming unspecified n y n y n y

define boundary-conditions modify-zones zone-type outer overset
define overset-interfaces create overset-interface fluid.bg () fluid.com () n
define overset-interfaces options expert y
define overset-interfaces options render-receptor-cells? y
define overset-interfaces options donor-priority-method 0
define overset-interfaces options transient-caching y y y
define overset-interfaces options modified-donor-search? n

solve initialize initialize-flow
file interpolate read-data sol_dat.ip

; define overset-interfaces options dead-cell-update? y -1 n

solve report-definitions edit vmax
zone-names fluid.bg fluid.com ()
q
solve report-definitions edit htr-int
surface-names inner ()
q

file export ascii node_coords_inner inner () n
x-coordinate
y-coordinate
q
n

file write-case-data "case_restart.cas.h5"
exit