(ti-menu-load-string "file set-batch-options n n n")
(define nStart 0)
(define nStep 50)
(define nStop 17500)
(do ((n nStart (+ n nStep))) ((> n nStop))
 (begin
  (ti-menu-load-string (format #f "file read-case-data \"../case_timestep~d.cas\" " n))
  (ti-menu-load-string "display set picture color-mode color")
  (ti-menu-load-string "display set picture driver jpeg")
  (ti-menu-load-string "display set windows text application n")
  (ti-menu-load-string "display set windows text date n")
  (ti-menu-load-string "display set windows text company n")
  (ti-menu-load-string "display set contours filled-contours y")
  (ti-menu-load-string "display contour pressure -2300 2300")
  (ti-menu-load-string "display view camera zoom-camera 4")
  (ti-menu-load-string "display view camera dolly-camera 0.72 0 0")
  (ti-menu-load-string (format #f "display save-picture \"case_timestep~d-pressure.jpeg\" " n))
  (ti-menu-load-string "display contour velocity 0 2.3")
  (ti-menu-load-string (format #f "display save-picture \"case_timestep~d-velocity.jpeg\" " n))
 )
)
(ti-menu-load-string "exit y")
