/LIQUID DOMAIN
    /PARAMETERS
$L = 0.001
$H = 0.01

$Xintervals = 10
$Yintervals = 10
    /CODE
save name "1mm_left_fine.dbs"
solver select "FLUENT 5/6"
vertex create "LeftBottom" coordinates 0 0 0
vertex create "LeftTop" coordinates 0 $H 0
vertex create "RightBottom" coordinates $L 0 0
vertex create "RightTop" coordinates $L $H 0
edge create "Bottom" straight "LeftBottom" "RightBottom"
edge create "Left" straight "LeftTop" "LeftBottom"
edge create "Right" straight "RightTop" "RightBottom"
edge create "Top" straight "LeftTop" "RightTop"
face create "FluidInternal" wireframe "Top" "Right" "Bottom" "Left"
edge link "Bottom" "Top" directions 0 0
edge link "Left" "Right" directions 0 0
edge mesh "Bottom" intervals $Xintervals
edge mesh "Left" intervals $Yintervals
face mesh "FluidInternal" submap
physics create "boundary" btype "WALL" edge "Right"
physics create "wall" btype "WALL" edge "Left"
physics create "adiabatic" btype "WALL" edge "Top" "Bottom"
physics create "Fluid" ctype "FLUID" face "FluidInternal"
export fluent5 "1mm_left_fine.msh" nozval
save
end
