(ti-menu-load-string "file set-batch-options n n n")
(define nStart 0)
(define nStep 1)
(define nStop 400)
(do ((n nStart (+ n nStep))) ((> n nStop))
 (begin
  (ti-menu-load-string (format #f "file read-case-data \"../case_timestep~d.cas\" " n))
  (ti-menu-load-string "display set picture color-mode color")
  (ti-menu-load-string "display set picture driver jpeg")
  (ti-menu-load-string "display set windows text application n")
  (ti-menu-load-string "display set windows text date n")
  (ti-menu-load-string "display set windows text company n")
  (ti-menu-load-string "display set windows scale visible n")
  (ti-menu-load-string "display set contours filled-contours y")
  (ti-menu-load-string "display set contours n-contour 1")
  (ti-menu-load-string "display contour air vof 0.0 0.5")
  (ti-menu-load-string (format #f "display save-picture \"case_timestep~d-phase.jpeg\" " n))
  (ti-menu-load-string "display mesh")
  (ti-menu-load-string (format #f "display save-picture \"case_timestep~d-mesh.jpeg\" " n))
 )
)
(ti-menu-load-string "exit y")
